[33m>[39m Building...
[32mΓêÜ[39m Building...
Application bundle generation failed. [9.569 seconds]

npx : [1m[33m[33mΓû▓ [43;33m[[43;30mWARNING[43;33m][0m [1mTS-998113: DatePipe is not used within the template 
of DaysOffComponent[0m [1m[35m[plugin angular-compiler][0m
At line:1 char:1
+ npx ng build > build_output.txt 2>&1 ; Select-String -Path build_outp ...
+ ~~~~~~~~~~~~~~~~~~~~~~~~~~~~~~~~~~~~
    + CategoryInfo          : NotSpecified: ([1m[33m[33mΓ...r-compiler][0m:String) [], RemoteException
    + FullyQualifiedErrorId : NativeCommandError
 

    src/app/pages/uikit/add-user/days-off/days-off.component.ts:33:4:
[37m      33 Γöé     [32mDatePipe[37m
         Γò╡     [32m~~~~~~~~[0m


[33mΓû▓ [43;33m[[43;30mWARNING[43;33m][0m [1mNG8107: The left side of this optional chain operation does not 
include 'null' or 'undefined' in its type, therefore the '?.' operator can be replaced with the '.' operator.[0m 
[1m[35m[plugin angular-compiler][0m

    src/app/pages/uikit/appointments/appointments.component.html:173:50:
[37m      173 Γöé ... (group of appointmentsMap[selectedCard]?.[32mgrouped[37m; track group) {
          Γò╡                                              [32m~~~~~~~[0m

  Error occurs in the template of component AppointmentsComponent.

    src/app/pages/uikit/appointments/appointments.component.ts:63:17:
[37m      63 Γöé     templateUrl: [32m'./appointments.component.html'[37m,
         Γò╡                  [32m~~~~~~~~~~~~~~~~~~~~~~~~~~~~~~~[0m


[33mΓû▓ [43;33m[[43;30mWARNING[43;33m][0m [1mNG8107: The left side of this optional chain operation does not 
include 'null' or 'undefined' in its type, therefore the '?.' operator can be replaced with the '.' operator.[0m 
[1m[35m[plugin angular-compiler][0m

    src/app/pages/uikit/appointments/appointments.component.html:193:41:
[37m      193 Γöé ...ointmentsMap[selectedCard]?.[32mgrouped[37m || appointmentsMap[selecte...
          Γò╡                                [32m~~~~~~~[0m

  Error occurs in the template of component AppointmentsComponent.

    src/app/pages/uikit/appointments/appointments.component.ts:63:17:
[37m      63 Γöé     templateUrl: [32m'./appointments.component.html'[37m,
         Γò╡                  [32m~~~~~~~~~~~~~~~~~~~~~~~~~~~~~~~[0m


[33mΓû▓ [43;33m[[43;30mWARNING[43;33m][0m [1mNG8107: The left side of this optional chain operation does not 
include 'null' or 'undefined' in its type, therefore the '?.' operator can be replaced with the '.' operator.[0m 
[1m[35m[plugin angular-compiler][0m

    src/app/pages/uikit/appointments/appointments.component.html:199:53:
[37m      199 Γöé ...entsMap[$any(selectedCard)]?.[32mlist[37m || []" [actions]="tableActio...
          Γò╡                                 [32m~~~~[0m

  Error occurs in the template of component AppointmentsComponent.

    src/app/pages/uikit/appointments/appointments.component.ts:63:17:
[37m      63 Γöé     templateUrl: [32m'./appointments.component.html'[37m,
         Γò╡                  [32m~~~~~~~~~~~~~~~~~~~~~~~~~~~~~~~[0m


[33mΓû▓ [43;33m[[43;30mWARNING[43;33m][0m [1mTS-998113: ConfirmationComponent is not used within the template of 
BookingFormComponent[0m [1m[35m[plugin angular-compiler][0m

    src/app/pages/uikit/appointments/booking-form/booking-form.component.ts:42:91:
[37m      42 Γöé ...seTimeSlotComponent, PatientFormComponent, [32mConfirmationComponent[37m],
         Γò╡                                               [32m~~~~~~~~~~~~~~~~~~~~~[0m


[33mΓû▓ [43;33m[[43;30mWARNING[43;33m][0m [1mTS-998113: All imports are unused[0m [1m[35m[plugin 
angular-compiler][0m

    src/app/pages/uikit/reports-config/reports-category/reports-category.component.ts:17:4:
[37m      17 Γöé     [32mimports[37m: [Toast, ConfirmDialog, TableComponent, Card]
         Γò╡     [32m~~~~~~~[0m

[39m[22m
[1m[31m[31mX [41;31m[[41;97mERROR[41;31m][0m [1mNG5: Argument of type '{ label: string; value: string; }[]' is 
not assignable to parameter of type 'string'.[0m [1m[35m[plugin angular-compiler][0m

    src/app/pages/uikit/phases-sessions/phases-sessions.component.html:173:71:
[37m      173 Γöé ...m font-medium text-blue-800">{{ [32mcoaches[37m | i18nSelect:{} }}</span>
          Γò╡                                    [32m~~~~~~~[0m

  Error occurs in the template of component PhasesSessionsComponent.

    src/app/pages/uikit/phases-sessions/phases-sessions.component.ts:20:17:
[37m      20 Γöé     templateUrl: [32m'./phases-sessions.component.html'[37m,
         Γò╡                  [32m~~~~~~~~~~~~~~~~~~~~~~~~~~~~~~~~~~[0m

[39m[22m
